// Jest Snapshot v1, https://goo.gl/fbAQLP

exports[`AuthForm Render <AuthForm> 1`] = `
<DocumentFragment>
  <div
    class="css-115ni0s"
    role="authForm"
  >
    <form
      action="#"
    >
      <label
        for="login"
      >
        Имя
      </label>
      <input
        id="login"
        name="login"
        placeholder="Введите логин"
        role="login"
        value=""
      />
      <label
        for="password"
      >
        Пароль
      </label>
      <input
        id="password"
        name="password"
        placeholder="Введите пароль"
        role="password"
        value=""
      />
      <button
        disabled=""
        role="buttonLogin"
        type="submit"
      >
        Войти
      </button>
    </form>
  </div>
</DocumentFragment>
`;
