// Jest Snapshot v1, https://goo.gl/fbAQLP

exports[`AppHeader Render authorised <AppHeader> 1`] = `
<DocumentFragment>
  <div
    class="css-lgrtma"
    role="topPanel"
  >
    <div
      class="css-ov1ktg"
    >
      <p
        class="css-gbrjra"
      >
        Lines 123
      </p>
      <div
        class="css-lgrtma"
        role="userForm"
      >
        <button
          class="css-tv5zn1"
          role="buttonReset"
        >
          Reset
        </button>
        <select
          class="css-tv5zn1"
          name="select"
          role="select"
        >
          <option
            role="option"
            value="1"
          >
            Падаван
          </option>
          <option
            role="option"
            value="2"
          >
            Джедай
          </option>
          <option
            role="option"
            value="3"
          >
            Мастер-джедай
          </option>
          <option
            role="option"
            value="4"
          >
            Член Совета Силы
          </option>
        </select>
        <button
          class="css-tv5zn1"
          role="buttonLogout"
        >
          Выйти
        </button>
      </div>
    </div>
  </div>
</DocumentFragment>
`;

exports[`AppHeader Render unauthorised <AppHeader> 1`] = `
<DocumentFragment>
  <div
    class="css-lgrtma"
    role="topPanel"
  >
    <div
      class="css-ov1ktg"
    >
      <p
        class="css-gbrjra"
      >
        Lines
      </p>
      <div
        class="css-115ni0s"
        role="authForm"
      >
        <form
          action="#"
        >
          <label
            for="login"
          >
            Имя
          </label>
          <input
            id="login"
            name="login"
            placeholder="Введите логин"
            role="login"
            value=""
          />
          <label
            for="password"
          >
            Пароль
          </label>
          <input
            id="password"
            name="password"
            placeholder="Введите пароль"
            role="password"
            value=""
          />
          <button
            disabled=""
            role="buttonLogin"
            type="submit"
          >
            Войти
          </button>
        </form>
      </div>
    </div>
  </div>
</DocumentFragment>
`;
